// Jest Snapshot v1, https://goo.gl/fbAQLP

exports[`Ensure matching versions of Emotion 1`] = `
<div
  class="css-y1jss6"
>
  hola
</div>
`;
